# Auto detect text files and perform LF normalization
* text=auto
#make directory a git repository
$ git init
$ git add <file or directory name>
# To add all files not staged:
$ git add .
# To stage a specific file: 
$ git add index.html
# To stage an entire directory: 
$ git add css
# Adding a commit with message 
$ git commit -m "Commit message in quotes"
$ git commit -m "My first commit message"
 My first commit message 1 file changed, 10 insertions(+), 0 deletions(-) 
create mode 100644 homepage/index.html
#rename master branch
$ git branch -m main
#create new branch 
$ git branch dev
#switch dev branch
$ git checkout dev
# Add remote repository 
$ git remote <command> <remote_name> <remote_URL>
$ git remote add origin https://github.com/kullanıcı-adınız/repository-adınız.git
# Push a specific branch to a remote with named remote 
$ git push origin dev
# Message when all files have been staged and committed  
$ git status
Nothing to commit, working directory clean
# Message when files have not been staged (git add)
$ git status 
Untracked files:   (use "git add <file>..." to include in what will be committed)    
homepage/index.html  
# Message when files have been not been committed (git commit) 
$ git status
 Your branch is up-to-date with 'origin/dev'. 
Changes to be committed:   (use "git reset HEAD <file>..." to unstage)         
new file:   homepage/index.html
# Show entire git log 
$ git log
# Checkout an existing branch 
$ git checkout <branch_name> 
# Checkout and create a new branch with that name 
$ git checkout -b <new_branch>
# Create a new branch
$ git branch <branch_name>
# List all remote or local branches
$ git branch -a
# Delete a branch
$ git branch -d <branch_name>
# Store current work 
$ git stash
$ git stash list
stash@{0}: WIP on dev: 4d3c572 [feat] Project structure
$ git stash popOn branch dev
Changes not staged for commit:
  (use "git add <file>..." to update what will be committed)
  (use "git restore <file>..." to discard changes in working directory)
        modified:   dist/css/main.css
        modified:   index.html
no changes added to commit (use "git add" and/or "git commit -a")
Dropped refs/stash@{0} (5603b2b80b2696f8e1fbbef2525af5bb21ce8521)
